Starting >>> my_stereo_pkg
--- stderr: my_stereo_pkg
CMake Deprecation Warning at CMakeLists.txt:1 (cmake_minimum_required):
  Compatibility with CMake < 3.10 will be removed from a future version of
  CMake.

  Update the VERSION argument <min> value.  Or, use the <min>...<max> syntax
  to tell CMake that the project requires at least <min> but has been updated
  to work with policies introduced by <max> or earlier.


CMake Error at /usr/lib/cmake/opencv4/OpenCVModules.cmake:172 (message):
  The imported target "opencv_core" references the file

     "/usr/lib/libopencv_core.so.4.8.0"

  but this file does not exist.  Possible reasons include:

  * The file was deleted, renamed, or moved to another location.

  * An install or uninstall procedure did not complete successfully.

  * The installation package was faulty and contained

     "/usr/lib/cmake/opencv4/OpenCVModules.cmake"

  but not all the files it references.

Call Stack (most recent call first):
  /usr/lib/cmake/opencv4/OpenCVConfig.cmake:126 (include)
  CMakeLists.txt:35 (find_package)


---
Failed   <<< my_stereo_pkg [0.24s, exited with code 1]

Summary: 0 packages finished [0.75s]
  1 package failed: my_stereo_pkg
  1 package had stderr output: my_stereo_pkg
